// Jest Snapshot v1, https://goo.gl/fbAQLP

exports[`Template Should load template file 1`] = `
"# Don't be superficial!

#### This pull request contains files that have formatting changes without any functionality change. 

This makes the review process and tracking of commit history much harder. 

---

## Let me help you 
Superficial bot can revert to base the changes of files that don't have any change to their functionality. 
Click this checkbox to trigger an automatic commit: 

- [ ] Remove selected files (this may take a few minutes)


Path  | 
---------| 
<%= files %>

"
`;
